../Core/Src/main.c:85:5:main	48	static
../Core/Src/main.c:178:6:SystemClock_Config	88	static
../Core/Src/main.c:225:13:MX_I2C1_Init	8	static
../Core/Src/main.c:259:13:MX_TIM1_Init	96	static
../Core/Src/main.c:334:13:MX_TIM3_Init	32	static
../Core/Src/main.c:379:13:MX_USART2_UART_Init	8	static
../Core/Src/main.c:412:13:MX_GPIO_Init	48	static
../Core/Src/main.c:455:6:HAL_TIM_PeriodElapsedCallback	16	static
../Core/Src/main.c:474:6:HAL_GPIO_EXTI_Callback	16	static
../Core/Src/main.c:483:6:snd_start	16	static
../Core/Src/main.c:497:5:presForFrequency	16	static
../Core/Src/main.c:509:6:Error_Handler	4	static,ignoring_inline_asm
